Algerian dinar
Australian dollar
Bahrain dinar
Botswana pula
Brazilian real          R$
Brunei dollar
Bulgarian lev           лв
Canadian dollar
Chilean peso
Chinese yuan            ¥
Colombian peso
Croatian kuna
Czech koruna            Kč
Danish krone
European Euro
Hong Kong dollar
Hungarian forint
Icelandic krona
Indian rupee
Indonesian rupiah
Iranian rial            ﷼
Israeli shekel          ₪
Japanese yen            ¥
Kazakhstani tenge       лв
Kuwaiti dinar
Libyan dinar
Malaysian ringgit
Mauritian rupee
Mexican peso
Nepalese rupee          ₨
New Zealand dollar
Norwegian krone
Omani rial              ﷼
Pakistani rupee
Peruvian sol            S/.
Philippine peso
Polish zloty            zł
Pound sterling
Qatar riyal
Romanian leu
Russian rouble          ₽
Saudi Arabian riyal     ﷼
Singapore dollar
South African rand
South Korean won        ₩
Sri Lanka rupee         ₨
Swedish krona
Swiss franc
Thai baht               ฿
Trinidad And Tobago dollar
Tunisian dinar
Turkish lira
UAE dirham
US dollar
Uruguayo peso
Venezuelan bolivar fuerte
